[www.STMAKİNA.com/Home/About.html]
[backblue.gif]
[fade.gif]
[index.html]
[connect.facebook.net/en_US/fbevents.js]
[STMAKİNA.com/Assets/UI/assets/img/og-image.jpg]
[www.STMAKİNA.com/Assets/UI/assets/img/h-favicon3860.png]
[cdnjs.cloudflare.com/ajax/libs/font-awesome/6.7.2/css/all.min.css]
[www.STMAKİNA.com/Assets/UI/assets/bootstrap-5.0.2/dist/css/bootstrap.min.css]
[www.STMAKİNA.com/Assets/UI/assets/style/styleaa74.css]
[www.STMAKİNA.com/Assets/UI/assets/style/responsive.css]
[code.jquery.com/jquery-3.7.1.min.js]
[www.STMAKİNA.com/Assets/UI/assets/bootstrap-5.0.2/dist/js/bootstrap.bundle.min.js]
[www.STMAKİNA.com/Assets/UI/assets/img/h-logo.png]
[www.STMAKİNA.com/Home/Index.html]
[www.STMAKİNA.com/Home/Category.html]
[www.STMAKİNA.com/Home/Contact.html]
[www.STMAKİNA.com/Assets/UI/assets/img/turk-flag.png]
[www.STMAKİNA.com/Assets/UI/assets/img/inglish-flag.png]
[www.STMAKİNA.com/Assets/UI/assets/img/h-logo-new5e1f.png]
[www.STMAKİNA.com/Assets/UI/scripts/about87f6.js]
[www.STMAKİNA.com/Assets/UI/scripts/fade-in87f6.js]
[www.STMAKİNA.com/Assets/UI/scripts/site88a5.js]
[www.STMAKİNA.com/Assets/UI/scripts/wa-widget954a.js]
[www.STMAKİNA.com/tracking2875.js]
[www.STMAKİNA.com/Assets/UI/scripts/translationse0eb.js]
[www.STMAKİNA.com/Assets/UI/assets/js/script.js]
[www.STMAKİNA.com/Home/About.html]
[www.googletagmanager.com/gtm5445.html]
[connect.facebook.net/en_US/fbevents.js]
[cdnjs.cloudflare.com/ajax/libs/font-awesome/6.7.2/css/all.min.css]
[www.STMAKİNA.com/Assets/UI/assets/bootstrap-5.0.2/dist/css/bootstrap.min.css]
[www.STMAKİNA.com/Assets/UI/assets/style/styleaa74.css]
[www.STMAKİNA.com/Assets/UI/assets/style/responsive.css]
[www.STMAKİNA.com/Assets/UI/scripts/home29e8.js]
[www.STMAKİNA.com/Assets/UI/scripts/index-init516f.js]
[www.STMAKİNA.com/Assets/UI/scripts/hero-playlist1171.js]
[www.STMAKİNA.com/Assets/UI/scripts/solutionsc2b6.js]
[www.STMAKİNA.com/Home/Index.html]
[www.STMAKİNA.com/Home/Category.html]
[www.STMAKİNA.com/Assets/UI/scripts/about516f.js]
[www.STMAKİNA.com/Assets/UI/scripts/fade-in516f.js]
[www.STMAKİNA.com/Home/Contact.html]
[www.STMAKİNA.com/Home/wa.opt1.html]
[www.STMAKİNA.com/Home/wa.opt2.html]
[www.STMAKİNA.com/Home/wa.opt3.html]
[www.STMAKİNA.com/Home/wa.opt4.html]
[www.STMAKİNA.com/Home/wa.opt5.html]
[www.STMAKİNA.com/Home/wa.html]
[www.STMAKİNA.com/Home/signals/config/index.html]
[www.STMAKİNA.com/Home/t.html]
[www.STMAKİNA.com/Home/e.html]
[www.STMAKİNA.com/Home/signals/plugins/index.html]
[www.STMAKİNA.com/Home/schema.org/index.html]
[www.STMAKİNA.com/Home/t-2.html]
[www.STMAKİNA.com/Home/o.html]
[www.STMAKİNA.com/signals/iwl.html]
[www.STMAKİNA.com/signals/iwl0fc5.html]
[www.STMAKİNA.com/Home/n.html]
[www.STMAKİNA.com/Home/n-2.html]
